// Jest Snapshot v1, https://goo.gl/fbAQLP

exports[`button group should match snapshot 1`] = `
<div
  className="makeStyles-buttonGroup-1"
  id="button group"
>
  <button
    className="MuiButtonBase-root MuiButton-root MuiButton-contained makeStyles-firstButton-3 MuiButton-containedPrimary MuiButton-fullWidth"
    disabled={false}
    onBlur={[Function]}
    onClick={[MockFunction]}
    onDragLeave={[Function]}
    onFocus={[Function]}
    onKeyDown={[Function]}
    onKeyUp={[Function]}
    onMouseDown={[Function]}
    onMouseLeave={[Function]}
    onMouseUp={[Function]}
    onTouchEnd={[Function]}
    onTouchMove={[Function]}
    onTouchStart={[Function]}
    tabIndex={0}
    type="button"
  >
    <span
      className="MuiButton-label"
    >
      Create new voting room
    </span>
  </button>
  <div
    className="MuiFormControl-root MuiTextField-root MuiFormControl-fullWidth"
  >
    <label
      className="MuiFormLabel-root MuiInputLabel-root MuiInputLabel-formControl MuiInputLabel-animated MuiInputLabel-outlined Mui-required Mui-required"
      data-shrink={false}
    >
      Enter room code
      <span
        aria-hidden={true}
        className="MuiFormLabel-asterisk MuiInputLabel-asterisk"
      >
         
        *
      </span>
    </label>
    <div
      className="MuiInputBase-root MuiOutlinedInput-root MuiInputBase-fullWidth MuiInputBase-formControl"
      onClick={[Function]}
    >
      <input
        aria-invalid={false}
        autoFocus={false}
        className="MuiInputBase-input MuiOutlinedInput-input"
        disabled={false}
        onAnimationStart={[Function]}
        onBlur={[Function]}
        onChange={[Function]}
        onFocus={[Function]}
        required={true}
        type="text"
      />
      <fieldset
        aria-hidden={true}
        className="PrivateNotchedOutline-root-4 MuiOutlinedInput-notchedOutline"
      >
        <legend
          className="PrivateNotchedOutline-legendLabelled-6"
        >
          <span>
            Enter room code
             *
          </span>
        </legend>
      </fieldset>
    </div>
    
  </div>
  <button
    className="MuiButtonBase-root MuiButton-root MuiButton-contained makeStyles-button-2 MuiButton-fullWidth"
    disabled={false}
    onBlur={[Function]}
    onClick={[MockFunction]}
    onDragLeave={[Function]}
    onFocus={[Function]}
    onKeyDown={[Function]}
    onKeyUp={[Function]}
    onMouseDown={[Function]}
    onMouseLeave={[Function]}
    onMouseUp={[Function]}
    onTouchEnd={[Function]}
    onTouchMove={[Function]}
    onTouchStart={[Function]}
    tabIndex={0}
    type="button"
  >
    <span
      className="MuiButton-label"
    >
      Join existing room
    </span>
  </button>
</div>
`;
